// Jest Snapshot v1, https://goo.gl/fbAQLP

exports[`JSCS config tests lint results should match snapshot: fixtures/semicolons-fixture.js 1`] = `
"error: Missing semicolon (semi) at __tests__/wpcs/fixtures/semicolons-fixture.js:3:7:
  1 | /* eslint-disable no-unused-vars */
  2 | var aa;
> 3 | var bb
    |       ^
  4 | var cc ;
  5 | var dd;;
  6 | var ee; ;


error: All 'var' declarations must be at the top of the function scope (vars-on-top) at __tests__/wpcs/fixtures/semicolons-fixture.js:6:1:
  4 | var cc ;
  5 | var dd;;
> 6 | var ee; ;
    | ^
  7 | /* eslint-enable no-unused-vars */
  8 | 


error: Strings must use singlequote (quotes) at __tests__/wpcs/fixtures/strings-fixture.js:6:10:
  4 | var cc = 'Don\\\\'t escape double quotes \\"within strings\\"';
  5 | var dd = 'Needless escaped single quotes \\\\\\"within strings\\\\\\"';
> 6 | var ee = \\"Strings should be contained in single quotes, not double quotes\\";
    |          ^
  7 | /* eslint-enable no-unused-vars */
  8 | 


3 errors found.
2 errors potentially fixable with the \`--fix\` option."
`;

exports[`JSCS config tests lint results should match snapshot: fixtures/strings-fixture.js 1`] = `
"error: Missing semicolon (semi) at __tests__/wpcs/fixtures/semicolons-fixture.js:3:7:
  1 | /* eslint-disable no-unused-vars */
  2 | var aa;
> 3 | var bb
    |       ^
  4 | var cc ;
  5 | var dd;;
  6 | var ee; ;


error: All 'var' declarations must be at the top of the function scope (vars-on-top) at __tests__/wpcs/fixtures/semicolons-fixture.js:6:1:
  4 | var cc ;
  5 | var dd;;
> 6 | var ee; ;
    | ^
  7 | /* eslint-enable no-unused-vars */
  8 | 


error: Strings must use singlequote (quotes) at __tests__/wpcs/fixtures/strings-fixture.js:6:10:
  4 | var cc = 'Don\\\\'t escape double quotes \\"within strings\\"';
  5 | var dd = 'Needless escaped single quotes \\\\\\"within strings\\\\\\"';
> 6 | var ee = \\"Strings should be contained in single quotes, not double quotes\\";
    |          ^
  7 | /* eslint-enable no-unused-vars */
  8 | 


3 errors found.
2 errors potentially fixable with the \`--fix\` option."
`;
